// Jest Snapshot v1, https://goo.gl/fbAQLP

exports[`Admin header Layout renders correctly 1`] = `
<div
  className="ant-row admin-header-content"
  style={Object {}}
>
  <div
    className="ant-col admin-header-content-left ant-col-xs-0 ant-col-sm-12"
    style={Object {}}
  />
  <div
    className="ant-col admin-header-content-right ant-col-xs-24 ant-col-sm-12"
    style={Object {}}
  >
    <div
      className="ant-space ant-space-horizontal ant-space-align-center ant-dropdown-trigger"
      onMouseEnter={[Function]}
      onMouseLeave={[Function]}
      style={
        Object {
          "color": "white",
        }
      }
    >
      <div
        className="ant-space-item"
        style={
          Object {
            "marginRight": 8,
          }
        }
      >
        career@nfq.asia
      </div>
      <div
        className="ant-space-item"
        style={Object {}}
      >
        <span
          aria-label="down"
          className="anticon anticon-down"
          role="img"
        >
          <svg
            aria-hidden="true"
            data-icon="down"
            fill="currentColor"
            focusable="false"
            height="1em"
            viewBox="64 64 896 896"
            width="1em"
          >
            <path
              d="M884 256h-75c-5.1 0-9.9 2.5-12.9 6.6L512 654.2 227.9 262.6c-3-4.1-7.8-6.6-12.9-6.6h-75c-6.5 0-10.3 7.4-6.5 12.7l352.6 486.1c12.8 17.6 39 17.6 51.7 0l352.6-486.1c3.9-5.3.1-12.7-6.4-12.7z"
            />
          </svg>
        </span>
      </div>
    </div>
  </div>
</div>
`;
