// Jest Snapshot v1, https://goo.gl/fbAQLP

exports[`Home page test renders correctly 1`] = `
<div
  className="home-page"
>
  <div
    className="grid wide"
  >
    <section
      id="go-beyond-area"
    >
      <div
        className="ant-row"
        style={
          Object {
            "marginBottom": -12,
            "marginLeft": -12,
            "marginRight": -12,
            "marginTop": -12,
          }
        }
      >
        <div
          className="ant-col ant-col-24"
          style={
            Object {
              "paddingBottom": 12,
              "paddingLeft": 12,
              "paddingRight": 12,
              "paddingTop": 12,
            }
          }
        >
          <div
            className="heading_left_area__wrapper"
          >
            <div
              className="heading_left_area"
            >
              <h2>
                Top destinations
                <span>
                   
                </span>
              </h2>
              <h5>
                Discover your ideal experience with us
              </h5>
            </div>
          </div>
        </div>
      </div>
    </section>
  </div>
</div>
`;
