// Jest Snapshot v1, https://goo.gl/fbAQLP

exports[`Home page test renders correctly 1`] = `
<div
  className="home-page"
>
  <div
    className="grid wide"
  >
    <section
      id="go-beyond-area"
    >
      <div
        className="ant-row"
        style={
          Object {
            "marginBottom": -12,
            "marginLeft": -12,
            "marginRight": -12,
            "marginTop": -12,
          }
        }
      >
        <div
          className="ant-col ant-col-24 ant-col-sm-12 ant-col-lg-6"
          style={
            Object {
              "paddingBottom": 12,
              "paddingLeft": 12,
              "paddingRight": 12,
              "paddingTop": 12,
            }
          }
        >
          <div
            className="heading_left_area__wrapper"
          >
            <div
              className="heading_left_area"
            >
              <h2>
                Go beyond your
                 
                <span>
                   
                  imagination
                </span>
              </h2>
              <h5>
                Discover your ideal experience with us
              </h5>
            </div>
          </div>
        </div>
        <div
          className="ant-col ant-col-24 ant-col-sm-12 ant-col-lg-6"
          style={
            Object {
              "paddingBottom": 12,
              "paddingLeft": 12,
              "paddingRight": 12,
              "paddingTop": 12,
            }
          }
        >
          <a
            href="/flights"
            onClick={[Function]}
          >
            <div
              className="imagination_boxed"
            >
              <img
                alt="img"
                src="https://andit.co/projects/html/and-tour/assets/img/imagination/imagination1.png"
              />
              <h3>
                7% Discount for all
                 
                <span>
                  Airlines
                </span>
              </h3>
            </div>
          </a>
        </div>
        <div
          className="ant-col ant-col-24 ant-col-sm-12 ant-col-lg-6"
          style={
            Object {
              "paddingBottom": 12,
              "paddingLeft": 12,
              "paddingRight": 12,
              "paddingTop": 12,
            }
          }
        >
          <a
            href="/flights"
            onClick={[Function]}
          >
            <div
              className="imagination_boxed"
            >
              <img
                alt="img"
                src="https://andit.co/projects/html/and-tour/assets/img/imagination/imagination2.png"
              />
              <h3>
                Travel around
                <span>
                  the world
                </span>
              </h3>
            </div>
          </a>
        </div>
        <div
          className="ant-col ant-col-24 ant-col-sm-12 ant-col-lg-6"
          style={
            Object {
              "paddingBottom": 12,
              "paddingLeft": 12,
              "paddingRight": 12,
              "paddingTop": 12,
            }
          }
        >
          <a
            href="/flights"
            onClick={[Function]}
          >
            <div
              className="imagination_boxed"
            >
              <img
                alt="img"
                src="https://andit.co/projects/html/and-tour/assets/img/imagination/imagination3.png"
              />
              <h3>
                Luxury resorts
                <span>
                  top deal
                </span>
              </h3>
            </div>
          </a>
        </div>
      </div>
    </section>
    <section
      id="top_destination"
    >
      <h2
        className="top_destination_heading"
      >
        Top destinations
      </h2>
      <div
        className="ant-row"
        style={
          Object {
            "marginBottom": -12,
            "marginLeft": -12,
            "marginRight": -12,
            "marginTop": -12,
          }
        }
      >
        <div
          className="ant-col ant-col-24 ant-col-lg-12"
          style={
            Object {
              "paddingBottom": 12,
              "paddingLeft": 12,
              "paddingRight": 12,
              "paddingTop": 12,
            }
          }
        >
          <div
            className="destinations_content_box img_animation"
          >
            <img
              alt="img"
              src="https://andit.co/projects/html/and-tour/assets/img/destination/big-img.png"
            />
            <div
              className="destinations_content_inner destinations_content_inner__left"
            >
              <h2>
                Up to
              </h2>
              <div
                className="destinations_big_offer"
              >
                <h1>
                  50
                </h1>
                <h6>
                  <span>
                    %
                  </span>
                   
                  <span>
                    Off
                  </span>
                </h6>
              </div>
              <h2>
                Holiday packages
              </h2>
              <a
                className="btn btn_theme btn_md"
                href="/flights"
                onClick={[Function]}
              >
                Book Now
              </a>
            </div>
          </div>
        </div>
        <div
          className="ant-col ant-col-24 ant-col-lg-12"
          style={
            Object {
              "paddingBottom": 12,
              "paddingLeft": 12,
              "paddingRight": 12,
              "paddingTop": 12,
            }
          }
        >
          <div
            className="ant-row"
            style={
              Object {
                "marginLeft": -12,
                "marginRight": -12,
              }
            }
          >
            <div
              className="ant-col ant-col-24 ant-col-sm-8"
              style={
                Object {
                  "paddingLeft": 12,
                  "paddingRight": 12,
                }
              }
            >
              <div
                className="destinations_content_box img_animation"
              >
                <img
                  alt="img"
                  src="https://andit.co/projects/html/and-tour/assets/img/destination/destination1.png"
                />
                <div
                  className="destinations_content_inner"
                >
                  <a
                    href="/flights"
                    onClick={[Function]}
                  >
                    China
                  </a>
                </div>
              </div>
              <div
                className="destinations_content_box img_animation"
              >
                <img
                  alt="img"
                  src="https://andit.co/projects/html/and-tour/assets/img/destination/destination2.png"
                />
                <div
                  className="destinations_content_inner"
                >
                  <a
                    href="/flights"
                    onClick={[Function]}
                  >
                    Darjeeling
                  </a>
                </div>
              </div>
              <div
                className="destinations_content_box img_animation"
              >
                <img
                  alt="img"
                  src="https://andit.co/projects/html/and-tour/assets/img/destination/destination3.png"
                />
                <div
                  className="destinations_content_inner"
                >
                  <a
                    href="/flights"
                    onClick={[Function]}
                  >
                    Malaysia
                  </a>
                </div>
              </div>
            </div>
            <div
              className="ant-col ant-col-24 ant-col-sm-8"
              style={
                Object {
                  "paddingLeft": 12,
                  "paddingRight": 12,
                }
              }
            >
              <div
                className="destinations_content_box img_animation"
              >
                <img
                  alt="img"
                  src="https://andit.co/projects/html/and-tour/assets/img/destination/destination4.png"
                />
                <div
                  className="destinations_content_inner"
                >
                  <a
                    href="/flights"
                    onClick={[Function]}
                  >
                    Gangtok
                  </a>
                </div>
              </div>
              <div
                className="destinations_content_box img_animation"
              >
                <img
                  alt="img"
                  src="https://andit.co/projects/html/and-tour/assets/img/destination/destination5.png"
                />
                <div
                  className="destinations_content_inner"
                >
                  <a
                    href="/flights"
                    onClick={[Function]}
                  >
                    Thailand
                  </a>
                </div>
              </div>
              <div
                className="destinations_content_box img_animation"
              >
                <img
                  alt="img"
                  src="https://andit.co/projects/html/and-tour/assets/img/destination/destination6.png"
                />
                <div
                  className="destinations_content_inner"
                >
                  <a
                    href="/flights"
                    onClick={[Function]}
                  >
                    Australia
                  </a>
                </div>
              </div>
            </div>
            <div
              className="ant-col ant-col-24 ant-col-sm-8"
              style={
                Object {
                  "paddingLeft": 12,
                  "paddingRight": 12,
                }
              }
            >
              <div
                className="destinations_content_box img_animation"
              >
                <img
                  alt="img"
                  src="https://andit.co/projects/html/and-tour/assets/img/destination/destination7.png"
                />
                <div
                  className="destinations_content_inner"
                >
                  <a
                    href="/flights"
                    onClick={[Function]}
                  >
                    London
                  </a>
                </div>
              </div>
              <div
                className="destinations_content_box img_animation"
              >
                <img
                  alt="img"
                  src="https://andit.co/projects/html/and-tour/assets/img/destination/destination8.png"
                />
                <div
                  className="destinations_content_inner"
                >
                  <a
                    href="/flights"
                    onClick={[Function]}
                  >
                    USA
                  </a>
                </div>
              </div>
              <a
                className="btn btn_theme btn_md view-all-btn"
                href="/flights"
                onClick={[Function]}
              >
                View all
              </a>
            </div>
          </div>
        </div>
      </div>
    </section>
    <section
      id="offer-area"
    >
      <div
        className="ant-row"
        style={
          Object {
            "marginBottom": -12,
            "marginLeft": -12,
            "marginRight": -12,
            "marginTop": -12,
          }
        }
      >
        <div
          className="ant-col ant-col-24 ant-col-lg-12"
          style={
            Object {
              "paddingBottom": 12,
              "paddingLeft": 12,
              "paddingRight": 12,
              "paddingTop": 12,
            }
          }
        >
          <div
            className="offer_area_box img_animation"
          >
            <img
              alt="img"
              src="https://andit.co/projects/html/and-tour/assets/img/offer/offer1.png"
            />
            <div
              className="offer_area_content"
            >
              <h2>
                Special Offers
              </h2>
              <p>
                Invidunt ut labore et dolore magna aliquyam erat, sed diam voluptua. At vero eos et accusam et justo duo dolores et ea rebum. Stet clita kasd dolor sit amet. Lorem ipsum dolor sit amet.
              </p>
              <a
                className="btn btn_theme btn_md"
                href="/flights"
                onClick={[Function]}
              >
                Holiday deals
              </a>
            </div>
          </div>
        </div>
        <div
          className="ant-col ant-col-24 ant-col-lg-12"
          style={
            Object {
              "paddingBottom": 12,
              "paddingLeft": 12,
              "paddingRight": 12,
              "paddingTop": 12,
            }
          }
        >
          <div
            className="ant-row"
            style={
              Object {
                "marginBottom": -12,
                "marginLeft": -12,
                "marginRight": -12,
                "marginTop": -12,
              }
            }
          >
            <div
              className="ant-col ant-col-24 ant-col-md-12"
              style={
                Object {
                  "paddingBottom": 12,
                  "paddingLeft": 12,
                  "paddingRight": 12,
                  "paddingTop": 12,
                }
              }
            >
              <div
                className="offer_area_box img_animation"
              >
                <img
                  alt="img"
                  src="https://andit.co/projects/html/and-tour/assets/img/offer/offer2.png"
                />
                <div
                  className="offer_area_content"
                >
                  <h2>
                    News letter
                  </h2>
                  <p>
                    Invidunt ut labore et dolore magna aliquyam erat, sed diam voluptua. At vero eos et.
                  </p>
                  <a
                    className="btn btn_theme btn_md"
                    href="/flights"
                    onClick={[Function]}
                  >
                    Subscribe now
                  </a>
                </div>
              </div>
            </div>
            <div
              className="ant-col ant-col-24 ant-col-md-12"
              style={
                Object {
                  "paddingBottom": 12,
                  "paddingLeft": 12,
                  "paddingRight": 12,
                  "paddingTop": 12,
                }
              }
            >
              <div
                className="offer_area_box img_animation"
              >
                <img
                  alt="img"
                  src="https://andit.co/projects/html/and-tour/assets/img/offer/offer3.png"
                />
                <div
                  className="offer_area_content"
                >
                  <h2>
                    Travel tips
                  </h2>
                  <p>
                    Invidunt ut labore et dolore magna aliquyam erat, sed diam voluptua. At vero eos et.
                  </p>
                  <a
                    className="btn btn_theme btn_md"
                    href="/flights"
                    onClick={[Function]}
                  >
                    Get tips
                  </a>
                </div>
              </div>
            </div>
          </div>
        </div>
      </div>
    </section>
  </div>
</div>
`;
