// Jest Snapshot v1, https://goo.gl/fbAQLP

exports[`Navigation bar test renders correctly 1`] = `
<li
  className="navbar__link"
>
  <a
    className="nav-link"
    href="//hello"
    onClick={[Function]}
  >
    <p
      className="navbar__link__data"
    >
      home
       
    </p>
  </a>
</li>
`;
