// Jest Snapshot v1, https://goo.gl/fbAQLP

exports[`Login page renders correctly 1`] = `
<div
  className="login-page"
>
  <section
    className="login-banner"
  >
    <div
      className="grid wide"
    >
      <div
        style={
          Object {
            "opacity": 0,
            "transform": "translateX(-200px) translateZ(0)",
          }
        }
      >
        <h1
          className="ant-typography"
          onClick={null}
          style={
            Object {
              "WebkitLineClamp": undefined,
            }
          }
        >
          Welcome back
        </h1>
      </div>
      <div
        style={
          Object {
            "opacity": 0,
            "transform": "translateX(200px) translateZ(0)",
          }
        }
      >
        <h3
          className="ant-typography"
          onClick={null}
          style={
            Object {
              "WebkitLineClamp": undefined,
            }
          }
        >
          Logged in to stay in touch
        </h3>
      </div>
    </div>
  </section>
  <div
    className="grid wide"
  >
    <div
      className="ant-row ant-row-center"
      style={Object {}}
    >
      <div
        className="ant-col ant-col-xs-22 ant-col-lg-16"
        style={Object {}}
      >
        <div
          className="content"
        >
          <div
            className="box"
          >
            <h2
              className="ant-typography"
              onClick={null}
              style={
                Object {
                  "WebkitLineClamp": undefined,
                }
              }
            >
              Login
            </h2>
            <form
              className="ant-form ant-form-horizontal form"
              id="login-form"
              onReset={[Function]}
              onSubmit={[Function]}
            >
              <div
                className="ant-row ant-form-item"
                style={Object {}}
              >
                <div
                  className="ant-col ant-form-item-control"
                  style={Object {}}
                >
                  <div
                    className="ant-form-item-control-input"
                  >
                    <div
                      className="ant-form-item-control-input-content"
                    >
                      <input
                        className="form-control"
                        id="login-form_username"
                        onChange={[Function]}
                        placeholder="Enter your email"
                        type="text"
                      />
                    </div>
                  </div>
                </div>
              </div>
              <div
                className="ant-row ant-form-item"
                style={Object {}}
              >
                <div
                  className="ant-col ant-form-item-control"
                  style={Object {}}
                >
                  <div
                    className="ant-form-item-control-input"
                  >
                    <div
                      className="ant-form-item-control-input-content"
                    >
                      <input
                        className="form-control"
                        id="login-form_password"
                        onChange={[Function]}
                        placeholder="Enter password"
                        type="password"
                      />
                    </div>
                  </div>
                </div>
              </div>
              <div
                className="form-submit"
              >
                <button
                  className="btn btn-primary btn-md"
                >
                  Login
                </button>
              </div>
              <div
                className="switch"
              >
                <p>
                  Dont have an account?
                   
                  <a
                    href="/register"
                    onClick={[Function]}
                  >
                    Register now
                  </a>
                </p>
              </div>
            </form>
          </div>
        </div>
      </div>
    </div>
  </div>
</div>
`;
