// Jest Snapshot v1, https://goo.gl/fbAQLP

exports[`Sub nav bar test renders correctly 1`] = `
<div
  className="sub-nav"
>
  <nav
    className="grid wide"
  >
    <div
      className="ant-row ant-row-space-between ant-row-middle"
      style={
        Object {
          "marginBottom": -1,
          "marginLeft": -1,
          "marginRight": -1,
          "marginTop": -1,
        }
      }
    >
      <div
        className="ant-col ant-col-xs-0 ant-col-md-12"
        style={
          Object {
            "paddingBottom": 1,
            "paddingLeft": 1,
            "paddingRight": 1,
            "paddingTop": 1,
          }
        }
      >
        <ul
          className="sub-nav-list"
        >
          <li
            className="sub-nav-list__item"
          >
            <a
              href="#"
            >
              028 6681 2733
            </a>
          </li>
          <li
            className="sub-nav-list__item"
          >
            <a
              href="#"
            >
              career@nfq.asia
            </a>
          </li>
        </ul>
      </div>
      <div
        className="ant-col"
        style={
          Object {
            "flex": "none",
            "paddingBottom": 1,
            "paddingLeft": 1,
            "paddingRight": 1,
            "paddingTop": 1,
          }
        }
      >
        <ul
          className="sub-nav-list sub-nav-list-actions"
        >
          <li
            className="sub-nav-list__item"
          >
            <a
              className=""
              href="/login"
              onClick={[Function]}
            >
              Login
            </a>
          </li>
          <li
            className="sub-nav-list__item"
          >
            <a
              className=""
              href="/register"
              onClick={[Function]}
            >
              Register
            </a>
          </li>
          <li
            className="sub-nav-list__item"
          >
            <div
              className="ant-select ant-select-sm lang-select ant-select-single ant-select-show-arrow"
              onBlur={[Function]}
              onFocus={[Function]}
              onKeyDown={[Function]}
              onKeyUp={[Function]}
              onMouseDown={[Function]}
              styles={
                Object {
                  "menuPortal": [Function],
                }
              }
            >
              <div
                className="ant-select-selector"
                onClick={[Function]}
                onMouseDown={[Function]}
              >
                <span
                  className="ant-select-selection-search"
                >
                  <input
                    aria-activedescendant="undefined_list_0"
                    aria-autocomplete="list"
                    aria-controls="undefined_list"
                    aria-haspopup="listbox"
                    aria-owns="undefined_list"
                    autoComplete="off"
                    className="ant-select-selection-search-input"
                    disabled={false}
                    onChange={[Function]}
                    onCompositionEnd={[Function]}
                    onCompositionStart={[Function]}
                    onKeyDown={[Function]}
                    onMouseDown={[Function]}
                    onPaste={[Function]}
                    readOnly={true}
                    role="combobox"
                    style={
                      Object {
                        "opacity": 0,
                      }
                    }
                    type="search"
                    unselectable="on"
                    value=""
                  />
                </span>
                <span
                  className="ant-select-selection-item"
                >
                  <img
                    alt=""
                    src="united-kingdom.png"
                    style={
                      Object {
                        "marginBottom": "2px",
                        "marginRight": "4px",
                      }
                    }
                  />
                  ENG
                </span>
              </div>
              <span
                aria-hidden={true}
                className="ant-select-arrow"
                onMouseDown={[Function]}
                style={
                  Object {
                    "WebkitUserSelect": "none",
                    "userSelect": "none",
                  }
                }
                unselectable="on"
              >
                <span
                  aria-label="down"
                  className="anticon anticon-down"
                  role="img"
                  style={
                    Object {
                      "color": "#fff",
                    }
                  }
                >
                  <svg
                    aria-hidden="true"
                    data-icon="down"
                    fill="currentColor"
                    focusable="false"
                    height="1em"
                    viewBox="64 64 896 896"
                    width="1em"
                  >
                    <path
                      d="M884 256h-75c-5.1 0-9.9 2.5-12.9 6.6L512 654.2 227.9 262.6c-3-4.1-7.8-6.6-12.9-6.6h-75c-6.5 0-10.3 7.4-6.5 12.7l352.6 486.1c12.8 17.6 39 17.6 51.7 0l352.6-486.1c3.9-5.3.1-12.7-6.4-12.7z"
                    />
                  </svg>
                </span>
              </span>
            </div>
          </li>
        </ul>
      </div>
    </div>
  </nav>
</div>
`;
