// Jest Snapshot v1, https://goo.gl/fbAQLP

exports[`Booking Passenger bar test renders correctly 1`] = `
<div
  className="booking-page "
>
  <div
    style={
      Object {
        "opacity": 0,
      }
    }
  >
    <section
      className="flight-list-banner"
    >
      <div
        className="grid wide"
      >
        <div
          className="flight-list-banner__text"
        >
          <div
            style={
              Object {
                "opacity": 0,
                "transform": "translateX(-200px) translateZ(0)",
              }
            }
          >
            <h1
              className="ant-typography"
              onClick={null}
              style={
                Object {
                  "WebkitLineClamp": undefined,
                }
              }
            >
              EXPLORE THE WORLD WITH US
            </h1>
          </div>
          <div
            style={
              Object {
                "opacity": 0,
                "transform": "translateX(200px) translateZ(0)",
              }
            }
          >
            <h3
              className="ant-typography"
              onClick={null}
              style={
                Object {
                  "WebkitLineClamp": undefined,
                }
              }
            >
               
              Amazing journeys. Every day.
            </h3>
          </div>
        </div>
      </div>
    </section>
  </div>
  <div
    className="booking-page__container grid wide"
    style={
      Object {
        "display": "flex",
      }
    }
  >
    <div
      className="ant-steps ant-steps-horizontal booking-steps ant-steps-label-horizontal ant-steps-navigation"
      style={Object {}}
    >
      <div
        className="ant-steps-item ant-steps-item-finish booking-steps__flight"
        style={Object {}}
      >
        <div
          className="ant-steps-item-container"
          onClick={[Function]}
          role="button"
          tabIndex={0}
        >
          <div
            className="ant-steps-item-tail"
          />
          <div
            className="ant-steps-item-icon"
          >
            <span
              className="ant-steps-icon"
            >
              <span
                aria-label="check"
                className="anticon anticon-check ant-steps-finish-icon"
                role="img"
              >
                <svg
                  aria-hidden="true"
                  data-icon="check"
                  fill="currentColor"
                  focusable="false"
                  height="1em"
                  viewBox="64 64 896 896"
                  width="1em"
                >
                  <path
                    d="M912 190h-69.9c-9.8 0-19.1 4.5-25.1 12.2L404.7 724.5 207 474a32 32 0 00-25.1-12.2H112c-6.7 0-10.4 7.7-6.3 12.9l273.9 347c12.8 16.2 37.4 16.2 50.3 0l488.4-618.9c4.1-5.1.4-12.8-6.3-12.8z"
                  />
                </svg>
              </span>
            </span>
          </div>
          <div
            className="ant-steps-item-content"
          >
            <div
              className="ant-steps-item-title"
            >
              <div
                className="booking-steps__flight__container"
              >
                <div
                  className="booking-steps__flight__logo"
                >
                  <i
                    className="fa-regular fa-user"
                  />
                </div>
                <div>
                  <div
                    className="booking-steps__flight__content"
                  >
                    <h4>
                      Passenger information
                    </h4>
                  </div>
                </div>
              </div>
            </div>
          </div>
        </div>
      </div>
      <div
        className="ant-steps-item ant-steps-item-finish"
        style={Object {}}
      >
        <div
          className="ant-steps-item-container"
          onClick={[Function]}
          role="button"
          tabIndex={0}
        >
          <div
            className="ant-steps-item-tail"
          />
          <div
            className="ant-steps-item-icon"
          >
            <span
              className="ant-steps-icon"
            >
              <span
                aria-label="check"
                className="anticon anticon-check ant-steps-finish-icon"
                role="img"
              >
                <svg
                  aria-hidden="true"
                  data-icon="check"
                  fill="currentColor"
                  focusable="false"
                  height="1em"
                  viewBox="64 64 896 896"
                  width="1em"
                >
                  <path
                    d="M912 190h-69.9c-9.8 0-19.1 4.5-25.1 12.2L404.7 724.5 207 474a32 32 0 00-25.1-12.2H112c-6.7 0-10.4 7.7-6.3 12.9l273.9 347c12.8 16.2 37.4 16.2 50.3 0l488.4-618.9c4.1-5.1.4-12.8-6.3-12.8z"
                  />
                </svg>
              </span>
            </span>
          </div>
          <div
            className="ant-steps-item-content"
          >
            <div
              className="ant-steps-item-title"
            >
              <div
                className="booking-steps__flight__container"
              >
                <div
                  className="booking-steps__flight__logo"
                >
                  <i
                    className="fa-solid fa-credit-card"
                  />
                </div>
                <div>
                  <div
                    className="booking-steps__flight__content"
                  >
                    <h4>
                      Payment methods
                    </h4>
                  </div>
                </div>
              </div>
            </div>
          </div>
        </div>
      </div>
      <div
        className="ant-steps-item ant-steps-item-wait ant-steps-item-active"
        style={Object {}}
      >
        <div
          className="ant-steps-item-container"
          onClick={[Function]}
          role="button"
          tabIndex={0}
        >
          <div
            className="ant-steps-item-tail"
          />
          <div
            className="ant-steps-item-icon"
          >
            <span
              className="ant-steps-icon"
            >
              3
            </span>
          </div>
          <div
            className="ant-steps-item-content"
          >
            <div
              className="ant-steps-item-title"
            >
              <div
                className="booking-steps__flight__container"
              >
                <div
                  className="booking-steps__flight__logo"
                >
                  <i
                    className="fa-solid fa-circle-check"
                  />
                </div>
                <div>
                  <div
                    className="booking-steps__flight__content"
                  >
                    <h4>
                      payment successful
                    </h4>
                  </div>
                </div>
              </div>
            </div>
          </div>
        </div>
      </div>
    </div>
    <div
      className="Booking-success"
    >
      <div
        className="Booking-success__container__items"
      >
        <div
          className="Booking-success__container__item"
        >
          <div
            className="Booking-success__container__content"
          >
            <div
              className="Booking-success__container__content__logo"
            >
              <img
                alt="check_logo"
                src="https://andit.co/projects/html/and-tour/assets/img/icon/right.png"
              />
            </div>
            <div
              className="Booking-success__container__content__mess"
            >
              <h3>
                <span
                  className="highlight-main"
                />
                , your order was paid successfully!
              </h3>
              <h6>
                our booking details has been sent to:
                <span
                  className="highlight-main"
                >
                  <a
                    href="https://mail.google.com/mail/u/0/#search/support%40tolehoai.me"
                  >
                    thang@nfq.com
                  </a>
                </span>
              </h6>
            </div>
          </div>
          <div
            className="Booking-success__container__content__title"
          >
            <h3>
              Your information
            </h3>
          </div>
          <div
            className="Booking-success__container__content"
          >
            <ul
              className="Booking-success__container__content-info"
            >
              <li
                className="Booking-success__container__"
              >
                <span>
                  Full name:
                </span>
                <span
                  className="value"
                />
              </li>
              <li>
                <span>
                  Day of Birth:
                </span>
                <span
                  className="value"
                />
              </li>
              <li>
                <span>
                  Email address:
                </span>
                <span
                  className="value"
                >
                  No Email
                </span>
              </li>
              <li>
                <span>
                  identification:
                </span>
                <span
                  className="value"
                >
                  No identification
                </span>
              </li>
              <li>
                <span>
                  Address:
                </span>
                <span
                  className="value"
                >
                  No address
                </span>
              </li>
            </ul>
          </div>
        </div>
        <div
          className="Booking-success__container__item"
        >
          <div
            className="Booking-success__container__content"
            style={
              Object {
                "display": "block",
              }
            }
          >
            <div
              className="Booking-success__container__content__title"
            >
              <h3>
                Booking details
              </h3>
            </div>
            <div
              className="Booking-success__container__content__info"
            >
              <ul>
                <li>
                  <span>
                    Booking ID:
                  </span>
                  <span>
                    #
                  </span>
                </li>
                <li>
                  <span>
                    Booking date:
                  </span>
                  <span>
                    Invalid date
                  </span>
                </li>
                <li>
                  <span>
                    Seat Type:
                  </span>
                  <span />
                </li>
                <li>
                  <span>
                    Payment method:
                  </span>
                  <span>
                    Stripe
                  </span>
                </li>
                <li>
                  <span>
                    Booking status:
                  </span>
                  <span>
                    Success
                  </span>
                </li>
              </ul>
            </div>
            <div
              className="Booking-success__container__content__info"
            >
              <ul>
                <li>
                  <span>
                     Tax:
                  </span>
                  <span>
                    + 10%
                  </span>
                </li>
                <li
                  className="change-color"
                >
                  <span>
                    Discount
                  </span>
                  <span>
                    - 
                    0
                     %
                  </span>
                </li>
              </ul>
            </div>
            <div
              className="Booking-success__container__content__info"
            >
              <ul
                style={
                  Object {
                    "border": "none",
                  }
                }
              >
                <li
                  className="change-color"
                >
                  <span>
                    Total Amount
                  </span>
                  <span>
                    $
                    0
                  </span>
                </li>
              </ul>
            </div>
          </div>
        </div>
      </div>
    </div>
  </div>
</div>
`;
