// Jest Snapshot v1, https://goo.gl/fbAQLP

exports[`Register page  renders correctly 1`] = `
<div
  className="register-page"
>
  <section
    className="flight-list-banner"
  >
    <div
      className="grid wide"
    >
      <div
        className="flight-list-banner__text"
      >
        <div
          style={
            Object {
              "opacity": 0,
              "transform": "translateX(-200px) translateZ(0)",
            }
          }
        >
          <h1
            className="ant-typography"
            onClick={null}
            style={
              Object {
                "WebkitLineClamp": undefined,
              }
            }
          >
            Register your account
          </h1>
        </div>
        <div
          style={
            Object {
              "opacity": 0,
              "transform": "translateX(200px) translateZ(0)",
            }
          }
        >
          <h3
            className="ant-typography"
            onClick={null}
            style={
              Object {
                "WebkitLineClamp": undefined,
              }
            }
          >
            To join a whole new world
          </h3>
        </div>
      </div>
    </div>
  </section>
  <div
    className="grid wide"
  >
    <div
      className="ant-row ant-row-center"
      style={Object {}}
    >
      <div
        className="ant-col ant-col-xs-22 ant-col-md-16"
        style={Object {}}
      >
        <div
          className="content"
        >
          <div
            className="box"
          >
            <h2
              className="ant-typography"
              onClick={null}
              style={
                Object {
                  "WebkitLineClamp": undefined,
                }
              }
            >
              Register
            </h2>
            <form
              autoComplete="off"
              className="ant-form ant-form-horizontal form"
              onReset={[Function]}
              onSubmit={[Function]}
            >
              <div
                className="form-group"
              >
                <div
                  className="ant-row ant-form-item form-control"
                  style={Object {}}
                >
                  <div
                    className="ant-col ant-form-item-control"
                    style={Object {}}
                  >
                    <div
                      className="ant-form-item-control-input"
                    >
                      <div
                        className="ant-form-item-control-input-content"
                      >
                        <input
                          className="ant-input"
                          id="idno"
                          onBlur={[Function]}
                          onChange={[Function]}
                          onFocus={[Function]}
                          onKeyDown={[Function]}
                          placeholder="ID number"
                          type="text"
                          value=""
                        />
                      </div>
                    </div>
                  </div>
                </div>
              </div>
              <div
                className="form-group"
              >
                <div
                  className="ant-row ant-form-item form-control"
                  style={Object {}}
                >
                  <div
                    className="ant-col ant-form-item-control"
                    style={Object {}}
                  >
                    <div
                      className="ant-form-item-control-input"
                    >
                      <div
                        className="ant-form-item-control-input-content"
                      >
                        <input
                          className="ant-input"
                          id="name"
                          onBlur={[Function]}
                          onChange={[Function]}
                          onFocus={[Function]}
                          onKeyDown={[Function]}
                          placeholder="Display name"
                          type="text"
                          value=""
                        />
                      </div>
                    </div>
                  </div>
                </div>
              </div>
              <div
                className="form-group"
              >
                <div
                  className="ant-row ant-form-item"
                  style={
                    Object {
                      "textAlign": "left",
                    }
                  }
                >
                  <div
                    className="ant-col ant-form-item-label"
                    style={Object {}}
                  >
                    <label
                      className="ant-form-item-required"
                      htmlFor="gender"
                      title="Gender"
                    >
                      Gender
                    </label>
                  </div>
                  <div
                    className="ant-col ant-form-item-control"
                    style={Object {}}
                  >
                    <div
                      className="ant-form-item-control-input"
                    >
                      <div
                        className="ant-form-item-control-input-content"
                      >
                        <div
                          className="ant-radio-group ant-radio-group-outline"
                          id="gender"
                        >
                          <label
                            className="ant-radio-wrapper ant-radio-wrapper-in-form-item"
                          >
                            <span
                              className="ant-radio"
                              style={Object {}}
                            >
                              <input
                                checked={false}
                                className="ant-radio-input"
                                onBlur={[Function]}
                                onChange={[Function]}
                                onFocus={[Function]}
                                onKeyDown={[Function]}
                                onKeyPress={[Function]}
                                onKeyUp={[Function]}
                                type="radio"
                                value="male"
                              />
                              <span
                                className="ant-radio-inner"
                              />
                            </span>
                            <span>
                               Male 
                            </span>
                          </label>
                          <label
                            className="ant-radio-wrapper ant-radio-wrapper-in-form-item"
                          >
                            <span
                              className="ant-radio"
                              style={Object {}}
                            >
                              <input
                                checked={false}
                                className="ant-radio-input"
                                onBlur={[Function]}
                                onChange={[Function]}
                                onFocus={[Function]}
                                onKeyDown={[Function]}
                                onKeyPress={[Function]}
                                onKeyUp={[Function]}
                                type="radio"
                                value="female"
                              />
                              <span
                                className="ant-radio-inner"
                              />
                            </span>
                            <span>
                               Female 
                            </span>
                          </label>
                        </div>
                      </div>
                    </div>
                  </div>
                </div>
              </div>
              <div
                className="form-group"
              >
                <div
                  className="ant-row ant-form-item"
                  style={
                    Object {
                      "textAlign": "left",
                    }
                  }
                >
                  <div
                    className="ant-col ant-form-item-label"
                    style={Object {}}
                  >
                    <label
                      className="ant-form-item-required"
                      htmlFor="birthday"
                      title="Birth Date"
                    >
                      Birth Date
                    </label>
                  </div>
                  <div
                    className="ant-col ant-form-item-control"
                    style={Object {}}
                  >
                    <div
                      className="ant-form-item-control-input"
                    >
                      <div
                        className="ant-form-item-control-input-content"
                      >
                        <div
                          className="ant-picker"
                          onMouseUp={[Function]}
                        >
                          <div
                            className="ant-picker-input"
                          >
                            <input
                              autoComplete="off"
                              disabled={false}
                              id="birthday"
                              onBlur={[Function]}
                              onChange={[Function]}
                              onFocus={[Function]}
                              onKeyDown={[Function]}
                              onMouseDown={[Function]}
                              placeholder="Select date"
                              readOnly={true}
                              size={12}
                              title=""
                              value=""
                            />
                            <span
                              className="ant-picker-suffix"
                            >
                              <span
                                aria-label="calendar"
                                className="anticon anticon-calendar"
                                role="img"
                              >
                                <svg
                                  aria-hidden="true"
                                  data-icon="calendar"
                                  fill="currentColor"
                                  focusable="false"
                                  height="1em"
                                  viewBox="64 64 896 896"
                                  width="1em"
                                >
                                  <path
                                    d="M880 184H712v-64c0-4.4-3.6-8-8-8h-56c-4.4 0-8 3.6-8 8v64H384v-64c0-4.4-3.6-8-8-8h-56c-4.4 0-8 3.6-8 8v64H144c-17.7 0-32 14.3-32 32v664c0 17.7 14.3 32 32 32h736c17.7 0 32-14.3 32-32V216c0-17.7-14.3-32-32-32zm-40 656H184V460h656v380zM184 392V256h128v48c0 4.4 3.6 8 8 8h56c4.4 0 8-3.6 8-8v-48h256v48c0 4.4 3.6 8 8 8h56c4.4 0 8-3.6 8-8v-48h128v136H184z"
                                  />
                                </svg>
                              </span>
                            </span>
                          </div>
                        </div>
                      </div>
                    </div>
                  </div>
                </div>
              </div>
              <div
                className="form-group"
              >
                <div
                  className="ant-row ant-form-item form-control"
                  style={Object {}}
                >
                  <div
                    className="ant-col ant-form-item-control"
                    style={Object {}}
                  >
                    <div
                      className="ant-form-item-control-input"
                    >
                      <div
                        className="ant-form-item-control-input-content"
                      >
                        <input
                          className="ant-input"
                          id="address"
                          onBlur={[Function]}
                          onChange={[Function]}
                          onFocus={[Function]}
                          onKeyDown={[Function]}
                          placeholder="Address"
                          type="text"
                          value=""
                        />
                      </div>
                    </div>
                  </div>
                </div>
              </div>
              <div
                className="form-group"
              >
                <div
                  className="ant-row ant-form-item form-control"
                  style={Object {}}
                >
                  <div
                    className="ant-col ant-form-item-control"
                    style={Object {}}
                  >
                    <div
                      className="ant-form-item-control-input"
                    >
                      <div
                        className="ant-form-item-control-input-content"
                      >
                        <input
                          className="ant-input"
                          id="email"
                          onBlur={[Function]}
                          onChange={[Function]}
                          onFocus={[Function]}
                          onKeyDown={[Function]}
                          placeholder="Email"
                          type="text"
                          value=""
                        />
                      </div>
                    </div>
                  </div>
                </div>
              </div>
              <div
                className="form-group"
              >
                <div
                  className="ant-row ant-form-item form-control"
                  style={Object {}}
                >
                  <div
                    className="ant-col ant-form-item-control"
                    style={Object {}}
                  >
                    <div
                      className="ant-form-item-control-input"
                    >
                      <div
                        className="ant-form-item-control-input-content"
                      >
                        <span
                          className="ant-input-affix-wrapper ant-input-password"
                          onMouseDown={[Function]}
                        >
                          <input
                            action="click"
                            className="ant-input"
                            hidden={null}
                            id="password"
                            onBlur={[Function]}
                            onChange={[Function]}
                            onFocus={[Function]}
                            onKeyDown={[Function]}
                            placeholder="Password"
                            style={null}
                            type="password"
                            value=""
                          />
                          <span
                            className="ant-input-suffix"
                          >
                            <span
                              aria-label="eye-invisible"
                              className="anticon anticon-eye-invisible ant-input-password-icon"
                              onClick={[Function]}
                              onMouseDown={[Function]}
                              onMouseUp={[Function]}
                              role="img"
                              tabIndex={-1}
                            >
                              <svg
                                aria-hidden="true"
                                data-icon="eye-invisible"
                                fill="currentColor"
                                focusable="false"
                                height="1em"
                                viewBox="64 64 896 896"
                                width="1em"
                              >
                                <path
                                  d="M942.2 486.2Q889.47 375.11 816.7 305l-50.88 50.88C807.31 395.53 843.45 447.4 874.7 512 791.5 684.2 673.4 766 512 766q-72.67 0-133.87-22.38L323 798.75Q408 838 512 838q288.3 0 430.2-300.3a60.29 60.29 0 000-51.5zm-63.57-320.64L836 122.88a8 8 0 00-11.32 0L715.31 232.2Q624.86 186 512 186q-288.3 0-430.2 300.3a60.3 60.3 0 000 51.5q56.69 119.4 136.5 191.41L112.48 835a8 8 0 000 11.31L155.17 889a8 8 0 0011.31 0l712.15-712.12a8 8 0 000-11.32zM149.3 512C232.6 339.8 350.7 258 512 258c54.54 0 104.13 9.36 149.12 28.39l-70.3 70.3a176 176 0 00-238.13 238.13l-83.42 83.42C223.1 637.49 183.3 582.28 149.3 512zm246.7 0a112.11 112.11 0 01146.2-106.69L401.31 546.2A112 112 0 01396 512z"
                                />
                                <path
                                  d="M508 624c-3.46 0-6.87-.16-10.25-.47l-52.82 52.82a176.09 176.09 0 00227.42-227.42l-52.82 52.82c.31 3.38.47 6.79.47 10.25a111.94 111.94 0 01-112 112z"
                                />
                              </svg>
                            </span>
                          </span>
                        </span>
                      </div>
                    </div>
                  </div>
                </div>
              </div>
              <div
                className="form-group"
              >
                <div
                  className="ant-row ant-form-item form-control"
                  style={Object {}}
                >
                  <div
                    className="ant-col ant-form-item-control"
                    style={Object {}}
                  >
                    <div
                      className="ant-form-item-control-input"
                    >
                      <div
                        className="ant-form-item-control-input-content"
                      >
                        <span
                          className="ant-input-affix-wrapper ant-input-password"
                          onMouseDown={[Function]}
                        >
                          <input
                            action="click"
                            className="ant-input"
                            hidden={null}
                            id="confirm"
                            onBlur={[Function]}
                            onChange={[Function]}
                            onFocus={[Function]}
                            onKeyDown={[Function]}
                            placeholder="Confirm password"
                            style={null}
                            type="password"
                            value=""
                          />
                          <span
                            className="ant-input-suffix"
                          >
                            <span
                              aria-label="eye-invisible"
                              className="anticon anticon-eye-invisible ant-input-password-icon"
                              onClick={[Function]}
                              onMouseDown={[Function]}
                              onMouseUp={[Function]}
                              role="img"
                              tabIndex={-1}
                            >
                              <svg
                                aria-hidden="true"
                                data-icon="eye-invisible"
                                fill="currentColor"
                                focusable="false"
                                height="1em"
                                viewBox="64 64 896 896"
                                width="1em"
                              >
                                <path
                                  d="M942.2 486.2Q889.47 375.11 816.7 305l-50.88 50.88C807.31 395.53 843.45 447.4 874.7 512 791.5 684.2 673.4 766 512 766q-72.67 0-133.87-22.38L323 798.75Q408 838 512 838q288.3 0 430.2-300.3a60.29 60.29 0 000-51.5zm-63.57-320.64L836 122.88a8 8 0 00-11.32 0L715.31 232.2Q624.86 186 512 186q-288.3 0-430.2 300.3a60.3 60.3 0 000 51.5q56.69 119.4 136.5 191.41L112.48 835a8 8 0 000 11.31L155.17 889a8 8 0 0011.31 0l712.15-712.12a8 8 0 000-11.32zM149.3 512C232.6 339.8 350.7 258 512 258c54.54 0 104.13 9.36 149.12 28.39l-70.3 70.3a176 176 0 00-238.13 238.13l-83.42 83.42C223.1 637.49 183.3 582.28 149.3 512zm246.7 0a112.11 112.11 0 01146.2-106.69L401.31 546.2A112 112 0 01396 512z"
                                />
                                <path
                                  d="M508 624c-3.46 0-6.87-.16-10.25-.47l-52.82 52.82a176.09 176.09 0 00227.42-227.42l-52.82 52.82c.31 3.38.47 6.79.47 10.25a111.94 111.94 0 01-112 112z"
                                />
                              </svg>
                            </span>
                          </span>
                        </span>
                      </div>
                    </div>
                  </div>
                </div>
              </div>
              <div
                className="form-submit"
              >
                <button
                  className="btn btn-primary btn-md"
                  type="submit"
                >
                  Register
                </button>
              </div>
              <div
                className="switch"
              >
                <p>
                  Already have an account?
                   
                  <a
                    href="/login"
                    onClick={[Function]}
                  >
                    Login now
                  </a>
                </p>
              </div>
            </form>
          </div>
        </div>
      </div>
    </div>
  </div>
</div>
`;
