// Jest Snapshot v1, https://goo.gl/fbAQLP

exports[`Booking Passenger bar test renders correctly 1`] = `
<span
  className="ant-input-group-wrapper ant-input-search ant-input-search-with-button"
  style={Object {}}
>
  <span
    className="ant-input-wrapper ant-input-group"
  >
    <input
      className="ant-input"
      hidden={null}
      onBlur={[Function]}
      onChange={[Function]}
      onCompositionEnd={[Function]}
      onCompositionStart={[Function]}
      onFocus={[Function]}
      onKeyDown={[Function]}
      placeholder="cta.place-holder-search"
      style={null}
      type="text"
      value=""
    />
    <span
      className="ant-input-group-addon"
    >
      <button
        className="ant-btn ant-btn-primary ant-input-search-button"
        disabled={false}
        onClick={[Function]}
        onMouseDown={[Function]}
        type="button"
      >
        <span>
          cta.search
        </span>
      </button>
    </span>
  </span>
</span>
`;
