// Jest Snapshot v1, https://goo.gl/fbAQLP

exports[`Booking Passenger bar test renders correctly 1`] = `
Array [
  <div
    className="booking-page__container__item__title"
  >
    <h2>
      Passengers information
    </h2>
  </div>,
  <form
    className="ant-form ant-form-horizontal"
    data-testid="bookingPassenger"
    onReset={[Function]}
    onSubmit={[Function]}
  >
    <div
      className="ant-row ant-form-item"
      style={
        Object {
          "display": "inline-block",
          "width": "50%",
        }
      }
    >
      <div
        className="ant-col ant-col-22 ant-form-item-control"
        style={Object {}}
      >
        <div
          className="ant-form-item-control-input"
        >
          <div
            className="ant-form-item-control-input-content"
          >
            <input
              className="form-control"
              id="firstName"
              name="firstName"
              onChange={[Function]}
              placeholder="First name"
            />
          </div>
        </div>
      </div>
    </div>
    <div
      className="ant-row ant-form-item"
      format="MM-DD-YYYY"
      style={
        Object {
          "display": "inline-block",
          "width": "50%",
        }
      }
    >
      <div
        className="ant-col ant-col-22 ant-form-item-control"
        style={Object {}}
      >
        <div
          className="ant-form-item-control-input"
        >
          <div
            className="ant-form-item-control-input-content"
          >
            <div
              className="ant-picker form-control"
              onMouseUp={[Function]}
              style={
                Object {
                  "display": "flex",
                }
              }
            >
              <div
                className="ant-picker-input"
              >
                <input
                  autoComplete="off"
                  disabled={false}
                  id="date_picker"
                  onBlur={[Function]}
                  onChange={[Function]}
                  onFocus={[Function]}
                  onKeyDown={[Function]}
                  onMouseDown={[Function]}
                  placeholder="Your birthdate"
                  readOnly={true}
                  size={12}
                  title=""
                  value=""
                />
                <span
                  className="ant-picker-suffix"
                >
                  <span
                    aria-label="calendar"
                    className="anticon anticon-calendar"
                    role="img"
                  >
                    <svg
                      aria-hidden="true"
                      data-icon="calendar"
                      fill="currentColor"
                      focusable="false"
                      height="1em"
                      viewBox="64 64 896 896"
                      width="1em"
                    >
                      <path
                        d="M880 184H712v-64c0-4.4-3.6-8-8-8h-56c-4.4 0-8 3.6-8 8v64H384v-64c0-4.4-3.6-8-8-8h-56c-4.4 0-8 3.6-8 8v64H144c-17.7 0-32 14.3-32 32v664c0 17.7 14.3 32 32 32h736c17.7 0 32-14.3 32-32V216c0-17.7-14.3-32-32-32zm-40 656H184V460h656v380zM184 392V256h128v48c0 4.4 3.6 8 8 8h56c4.4 0 8-3.6 8-8v-48h256v48c0 4.4 3.6 8 8 8h56c4.4 0 8-3.6 8-8v-48h128v136H184z"
                      />
                    </svg>
                  </span>
                </span>
              </div>
            </div>
          </div>
        </div>
      </div>
    </div>
    <div
      className="ant-row ant-form-item"
      style={
        Object {
          "display": "inline-block",
          "width": "50%",
        }
      }
    >
      <div
        className="ant-col ant-col-22 ant-form-item-control"
        style={Object {}}
      >
        <div
          className="ant-form-item-control-input"
        >
          <div
            className="ant-form-item-control-input-content"
          >
            <input
              className="form-control"
              id="email"
              name="email"
              onChange={[Function]}
              placeholder="Email address"
            />
          </div>
        </div>
      </div>
    </div>
    <div
      className="ant-row ant-form-item"
      style={
        Object {
          "display": "inline-block",
          "width": "50%",
        }
      }
    >
      <div
        className="ant-col ant-col-22 ant-form-item-control"
        style={Object {}}
      >
        <div
          className="ant-form-item-control-input"
        >
          <div
            className="ant-form-item-control-input-content"
          >
            <input
              className="form-control"
              id="number"
              name="number"
              onChange={[Function]}
              placeholder="Mobile number"
              type="number"
            />
          </div>
        </div>
      </div>
    </div>
    <div
      className="ant-row ant-form-item"
      style={
        Object {
          "display": "inline-block",
          "width": "100%",
        }
      }
    >
      <div
        className="ant-col ant-col-23 ant-form-item-control"
        style={Object {}}
      >
        <div
          className="ant-form-item-control-input"
        >
          <div
            className="ant-form-item-control-input-content"
          >
            <input
              className="form-control"
              id="streetAddress"
              name="streetAddress"
              onChange={[Function]}
              placeholder="Street address"
            />
          </div>
        </div>
      </div>
    </div>
    <div
      className="ant-row ant-form-item"
      style={
        Object {
          "display": "inline-block",
          "width": "50%",
        }
      }
    >
      <div
        className="ant-col ant-col-22 ant-form-item-control"
        style={Object {}}
      >
        <div
          className="ant-form-item-control-input"
        >
          <div
            className="ant-form-item-control-input-content"
          >
            <input
              className="form-control"
              id="identificationCard"
              name="Identification Card"
              onChange={[Function]}
              placeholder="Apartment"
            />
          </div>
        </div>
      </div>
    </div>
    <div
      className="ant-row ant-form-item"
      style={
        Object {
          "display": "inline-block",
          "margin": "0px",
          "width": "50%",
        }
      }
    >
      <div
        className="ant-col ant-col-22 ant-form-item-control"
        style={Object {}}
      >
        <div
          className="ant-form-item-control-input"
        >
          <div
            className="ant-form-item-control-input-content"
          >
            <select
              className="form-select bg_input"
            >
              <option
                value="1"
              >
                Cần Thơ
              </option>
              <option
                value="1"
              >
                Thành Phố Hồ Chí Minh
              </option>
              <option
                value="1"
              >
                Hà Nội
              </option>
            </select>
          </div>
        </div>
      </div>
    </div>
    <div
      className="ant-row ant-form-item"
      style={
        Object {
          "marginTop": "10px",
        }
      }
    >
      <div
        className="ant-col ant-col-22 ant-form-item-control"
        style={Object {}}
      >
        <div
          className="ant-form-item-control-input"
        >
          <div
            className="ant-form-item-control-input-content"
          >
            <label
              className="ant-checkbox-wrapper ant-checkbox-wrapper-in-form-item"
            >
              <span
                className="ant-checkbox"
                style={Object {}}
              >
                <input
                  checked={false}
                  className="ant-checkbox-input"
                  id="agreement"
                  onBlur={[Function]}
                  onChange={[Function]}
                  onFocus={[Function]}
                  onKeyDown={[Function]}
                  onKeyPress={[Function]}
                  onKeyUp={[Function]}
                  type="checkbox"
                />
                <span
                  className="ant-checkbox-inner"
                />
              </span>
              <span>
                I have read the
                 
                <a
                  href="/"
                  onClick={[Function]}
                >
                  agreements
                </a>
              </span>
            </label>
          </div>
        </div>
      </div>
    </div>
    <div
      className="ant-row ant-form-item"
      style={Object {}}
    >
      <div
        className="ant-col ant-col-22 ant-form-item-control"
        style={Object {}}
      >
        <div
          className="ant-form-item-control-input"
        >
          <div
            className="ant-form-item-control-input-content"
          >
            <div
              className="form-submit"
            >
              <button
                className="btn btn-primary btn-md"
                id=""
                type="submit"
              >
                Continue to payment
              </button>
            </div>
          </div>
        </div>
      </div>
    </div>
  </form>,
]
`;
